2026-10-03T05:37:08.8609514Z Current runner version: '2.337.0'
2026-10-03T05:37:08.8630581Z ##[group]Runner Image Provisioner
2026-10-03T05:37:08.8631325Z Hosted Compute Agent
2026-10-03T05:37:08.8631834Z Version: 20260901.588
2026-10-03T05:37:08.8632343Z Commit: f88ec8081b781fac6c440065ac7ff9e710ce3d0b
2026-10-03T05:37:08.8632987Z Build Date: 2026-09-01T19:56:44Z
2026-10-03T05:37:08.8633539Z Worker ID: {9558d988-b7bb-4f52-8751-cc663d13b942}
2026-10-03T05:37:08.8634434Z Azure Region: centralus
2026-10-03T05:37:08.8634989Z ##[endgroup]
2026-10-03T05:37:08.8636378Z ##[group]Operating System
2026-10-03T05:37:08.8637041Z Ubuntu
2026-10-03T05:37:08.8637460Z 24.04.5
2026-10-03T05:37:08.8638098Z LTS
2026-10-03T05:37:08.8638582Z ##[endgroup]
2026-10-03T05:37:08.8639016Z ##[group]Runner Image
2026-10-03T05:37:08.8639554Z Image: ubuntu-24.04
2026-10-03T05:37:08.8640016Z Version: 20260927.320.1
2026-10-03T05:37:08.8641090Z Included Software: https://github.com/actions/runner-images/blob/ubuntu24/20260927.320/images/ubuntu/Ubuntu2404-Readme.md
2026-10-03T05:37:08.8642402Z Image Release: https://github.com/actions/runner-images/releases/tag/ubuntu24%2F20260927.320
2026-10-03T05:37:08.8643280Z ##[endgroup]
2026-10-03T05:37:08.8644189Z ##[group]GITHUB_TOKEN Permissions
2026-10-03T05:37:08.8646026Z Contents: read
2026-10-03T05:37:08.8646558Z Metadata: read
2026-10-03T05:37:08.8647057Z ##[endgroup]
2026-10-03T05:37:08.8649108Z Secret source: Actions
2026-10-03T05:37:08.8649974Z Cache mode: write
2026-10-03T05:37:08.8650856Z Prepare workflow directory
2026-10-03T05:37:08.8998029Z Prepare all required actions
2026-10-03T05:37:08.9039248Z Getting action download info
2026-10-03T05:37:09.1470878Z Download action repository 'actions/checkout@v7' (SHA:3d3c42e5aac5ba805825da76410c181273ba90b1)
2026-10-03T05:37:09.3665165Z Download action repository 'oven-sh/setup-bun@v2' (SHA:0c5077e51419868618aeaa5fe8019c62421857d6)
2026-10-03T05:37:10.0229843Z Download action repository 'actions/cache@v6' (SHA:55cc8345863c7cc4c66a329aec7e433d2d1c52a9)
2026-10-03T05:37:10.3163383Z Download action repository 'actions/upload-artifact@v7' (SHA:043fb46d1a93c77aae656e7c1c64a875d1fc6a0a)
2026-10-03T05:37:10.5900366Z Uses: NoomStuff/Deduup/.github/workflows/package.yml@refs/heads/main (f83084efd2cda6bfa89699d4677da1553441274a)
2026-10-03T05:37:10.5903665Z Complete job name: build / Build linux-x64
2026-10-03T05:37:10.6421484Z ##[group]Run actions/checkout@v7
2026-10-03T05:37:10.6422202Z with:
2026-10-03T05:37:10.6422700Z   repository: NoomStuff/Deduup
2026-10-03T05:37:10.6428011Z   token: ***
2026-10-03T05:37:10.6428706Z   ssh-strict: true
2026-10-03T05:37:10.6429434Z   ssh-user: git
2026-10-03T05:37:10.6430179Z   persist-credentials: true
2026-10-03T05:37:10.6430996Z   clean: true
2026-10-03T05:37:10.6431748Z   sparse-checkout-cone-mode: true
2026-10-03T05:37:10.6432628Z   fetch-depth: 1
2026-10-03T05:37:10.6433353Z   fetch-tags: false
2026-10-03T05:37:10.6433953Z   show-progress: true
2026-10-03T05:37:10.6434477Z   lfs: false
2026-10-03T05:37:10.6434968Z   submodules: false
2026-10-03T05:37:10.6435570Z   set-safe-directory: true
2026-10-03T05:37:10.6436166Z   allow-unsafe-pr-checkout: false
2026-10-03T05:37:10.6436933Z ##[endgroup]
2026-10-03T05:37:10.7089968Z Syncing repository: NoomStuff/Deduup
2026-10-03T05:37:10.7092079Z ##[group]Getting Git version info
2026-10-03T05:37:10.7093266Z Working directory is '/home/runner/work/Deduup/Deduup'
2026-10-03T05:37:10.7094915Z [command]/usr/bin/git version
2026-10-03T05:37:10.7149551Z git version 2.55.0
2026-10-03T05:37:10.7162920Z ##[endgroup]
2026-10-03T05:37:10.7175689Z Temporarily overriding HOME='/home/runner/work/_temp/1a0de085-daa5-4e69-bbcc-50d866eb43e1' before making global git config changes
2026-10-03T05:37:10.7185074Z Adding repository directory to the temporary git global config as a safe directory
2026-10-03T05:37:10.7188180Z [command]/usr/bin/git config --global --add safe.directory /home/runner/work/Deduup/Deduup
2026-10-03T05:37:10.7338433Z Deleting the contents of '/home/runner/work/Deduup/Deduup'
2026-10-03T05:37:10.7341946Z ##[group]Determining repository object format
2026-10-03T05:37:10.7343320Z ##[endgroup]
2026-10-03T05:37:10.7344117Z ##[group]Initializing the repository
2026-10-03T05:37:10.7347238Z [command]/usr/bin/git init /home/runner/work/Deduup/Deduup
2026-10-03T05:37:10.7556273Z hint: Using 'master' as the name for the initial branch. This default branch name
2026-10-03T05:37:10.7558239Z hint: will change to "main" in Git 3.0. To configure the initial branch name
2026-10-03T05:37:10.7559829Z hint: to use in all of your new repositories, which will suppress this warning,
2026-10-03T05:37:10.7561104Z hint: call:
2026-10-03T05:37:10.7561755Z hint:
2026-10-03T05:37:10.7562616Z hint: 	git config --global init.defaultBranch <name>
2026-10-03T05:37:10.7563651Z hint:
2026-10-03T05:37:10.7564606Z hint: Names commonly chosen instead of 'master' are 'main', 'trunk' and
2026-10-03T05:37:10.7566123Z hint: 'development'. The just-created branch can be renamed via this command:
2026-10-03T05:37:10.7567403Z hint:
2026-10-03T05:37:10.7568254Z hint: 	git branch -m <name>
2026-10-03T05:37:10.7569033Z hint:
2026-10-03T05:37:10.7570032Z hint: Disable this message with "git config set advice.defaultBranchName false"
2026-10-03T05:37:10.7571683Z Initialized empty Git repository in /home/runner/work/Deduup/Deduup/.git/
2026-10-03T05:37:10.7574509Z [command]/usr/bin/git remote add origin https://github.com/NoomStuff/Deduup
2026-10-03T05:37:10.7837327Z ##[endgroup]
2026-10-03T05:37:10.7838692Z ##[group]Disabling automatic garbage collection
2026-10-03T05:37:10.7844385Z [command]/usr/bin/git config --local gc.auto 0
2026-10-03T05:37:10.7938092Z ##[endgroup]
2026-10-03T05:37:10.7939255Z ##[group]Setting up auth
2026-10-03T05:37:10.7943617Z Removing SSH command configuration
2026-10-03T05:37:10.7957908Z [command]/usr/bin/git config --local --name-only --get-regexp core\.sshCommand
2026-10-03T05:37:10.7975992Z [command]/usr/bin/git submodule foreach --recursive sh -c "git config --local --name-only --get-regexp 'core\.sshCommand' && git config --local --unset-all 'core.sshCommand' || :"
2026-10-03T05:37:10.8253997Z Removing HTTP extra header
2026-10-03T05:37:10.8257907Z [command]/usr/bin/git config --local --name-only --get-regexp http\.https\:\/\/github\.com\/\.extraheader
2026-10-03T05:37:10.8284974Z [command]/usr/bin/git submodule foreach --recursive sh -c "git config --local --name-only --get-regexp 'http\.https\:\/\/github\.com\/\.extraheader' && git config --local --unset-all 'http.https://github.com/.extraheader' || :"
2026-10-03T05:37:10.8455747Z Removing includeIf entries pointing to credentials config files
2026-10-03T05:37:10.8458238Z [command]/usr/bin/git config --local --name-only --get-regexp ^includeIf\.gitdir:
2026-10-03T05:37:10.8484747Z [command]/usr/bin/git submodule foreach --recursive git config --local --show-origin --name-only --get-regexp remote.origin.url
2026-10-03T05:37:10.8672330Z [command]/usr/bin/git config --file /home/runner/work/_temp/git-credentials-3e7fd12b-ab58-4567-8979-3601382d9a78.config http.https://github.com/.extraheader AUTHORIZATION: basic ***
2026-10-03T05:37:10.8737472Z [command]/usr/bin/git config --local includeIf.gitdir:/home/runner/work/Deduup/Deduup/.git.path /home/runner/work/_temp/git-credentials-3e7fd12b-ab58-4567-8979-3601382d9a78.config
2026-10-03T05:37:10.8843121Z [command]/usr/bin/git config --local includeIf.gitdir:/home/runner/work/Deduup/Deduup/.git/worktrees/*.path /home/runner/work/_temp/git-credentials-3e7fd12b-ab58-4567-8979-3601382d9a78.config
2026-10-03T05:37:10.8943743Z [command]/usr/bin/git config --local includeIf.gitdir:/github/workspace/.git.path /github/runner_temp/git-credentials-3e7fd12b-ab58-4567-8979-3601382d9a78.config
2026-10-03T05:37:10.9144536Z [command]/usr/bin/git config --local includeIf.gitdir:/github/workspace/.git/worktrees/*.path /github/runner_temp/git-credentials-3e7fd12b-ab58-4567-8979-3601382d9a78.config
2026-10-03T05:37:10.9345022Z ##[endgroup]
2026-10-03T05:37:10.9345844Z ##[group]Fetching the repository
2026-10-03T05:37:10.9350205Z [command]/usr/bin/git -c protocol.version=2 fetch --no-tags --prune --no-recurse-submodules --depth=1 origin +f83084efd2cda6bfa89699d4677da1553441274a:refs/remotes/origin/main
2026-10-03T05:37:11.8840243Z From https://github.com/NoomStuff/Deduup
2026-10-03T05:37:11.8841220Z  * [new ref]         f83084efd2cda6bfa89699d4677da1553441274a -> origin/main
2026-10-03T05:37:11.8849490Z [command]/usr/bin/git branch --list --remote origin/main
2026-10-03T05:37:11.8873290Z   origin/main
2026-10-03T05:37:11.8878717Z [command]/usr/bin/git rev-parse refs/remotes/origin/main
2026-10-03T05:37:11.8899065Z f83084efd2cda6bfa89699d4677da1553441274a
2026-10-03T05:37:11.8902089Z ##[endgroup]
2026-10-03T05:37:11.8953243Z ##[group]Determining the checkout info
2026-10-03T05:37:11.8953818Z ##[endgroup]
2026-10-03T05:37:11.8954166Z [command]/usr/bin/git sparse-checkout disable
2026-10-03T05:37:11.9680131Z [command]/usr/bin/git config --local --unset-all extensions.worktreeConfig
2026-10-03T05:37:11.9879979Z ##[group]Checking out the ref
2026-10-03T05:37:11.9882358Z [command]/usr/bin/git checkout --progress --force -B main refs/remotes/origin/main
2026-10-03T05:37:11.9985333Z Switched to a new branch 'main'
2026-10-03T05:37:11.9990013Z branch 'main' set up to track 'origin/main'.
2026-10-03T05:37:11.9994702Z ##[endgroup]
2026-10-03T05:37:12.0028668Z [command]/usr/bin/git log -1 --format=%H
2026-10-03T05:37:12.0050861Z f83084efd2cda6bfa89699d4677da1553441274a
2026-10-03T05:37:12.0231930Z ##[group]Run oven-sh/setup-bun@v2
2026-10-03T05:37:12.0232116Z with:
2026-10-03T05:37:12.0232259Z   bun-version: latest
2026-10-03T05:37:12.0232409Z   no-cache: false
2026-10-03T05:37:12.0233638Z   token: ***
2026-10-03T05:37:12.0233777Z ##[endgroup]
2026-10-03T05:37:12.5269449Z Downloading a new version of Bun: https://github.com/oven-sh/bun/releases/download/bun-v1.4.2/bun-linux-x64.zip
2026-10-03T05:37:12.9374524Z [command]/usr/bin/unzip -o -q /home/runner/work/_temp/7c4edf5d-2e6b-416b-bc5c-9e6589ea45d9.zip
2026-10-03T05:37:13.4432462Z [command]/home/runner/.bun/bin/bun --revision
2026-10-03T05:37:13.4475283Z 1.4.2+744846f84
2026-10-03T05:37:13.4991182Z ##[group]Run actions/cache@v6
2026-10-03T05:37:13.4991362Z with:
2026-10-03T05:37:13.4991609Z   path: /home/runner/work/_temp/electron-cache
/home/runner/work/_temp/electron-builder-cache

2026-10-03T05:37:13.4991947Z   key: electron-Linux-X64-52b880e701be0ee14f9324f85ce4c79aa288bc15d198fef79769944f694449a3
2026-10-03T05:37:13.4992203Z   restore-keys: electron-Linux-X64-
2026-10-03T05:37:13.4992350Z   enableCrossOsArchive: false
2026-10-03T05:37:13.4992488Z   fail-on-cache-miss: false
2026-10-03T05:37:13.4992614Z   lookup-only: false
2026-10-03T05:37:13.4992727Z   save-always: false
2026-10-03T05:37:13.4992838Z ##[endgroup]
2026-10-03T05:37:13.7056535Z Cache not found for input keys: electron-Linux-X64-52b880e701be0ee14f9324f85ce4c79aa288bc15d198fef79769944f694449a3, electron-Linux-X64-
2026-10-03T05:37:13.7139407Z ##[group]Run bun install --frozen-lockfile
2026-10-03T05:37:13.7139639Z [36;1mbun install --frozen-lockfile[0m
2026-10-03T05:37:13.7406211Z shell: /usr/bin/bash -e {0}
2026-10-03T05:37:13.7406358Z env:
2026-10-03T05:37:13.7406501Z   ELECTRON_CACHE: /home/runner/work/_temp/electron-cache
2026-10-03T05:37:13.7406734Z   ELECTRON_BUILDER_CACHE: /home/runner/work/_temp/electron-builder-cache
2026-10-03T05:37:13.7406932Z ##[endgroup]
2026-10-03T05:37:13.7495509Z bun install v1.4.2 (744846f84)
2026-10-03T05:37:13.7514837Z Resolving dependencies
2026-10-03T05:37:13.7518218Z Resolved, downloaded and extracted [1]
2026-10-03T05:37:15.3611326Z 
2026-10-03T05:37:15.3611685Z + @eslint/js@9.39.5
2026-10-03T05:37:15.3611859Z + @types/node@24.13.3
2026-10-03T05:37:15.3611989Z + @types/react@19.2.17
2026-10-03T05:37:15.3612119Z + @types/react-dom@19.2.3
2026-10-03T05:37:15.3612311Z + @vitejs/plugin-react@5.2.0
2026-10-03T05:37:15.3612441Z + concurrently@9.2.4
2026-10-03T05:37:15.3612661Z + electron@43.1.1
2026-10-03T05:37:15.3612782Z + electron-builder@26.15.3
2026-10-03T05:37:15.3612902Z + eslint@9.39.5
2026-10-03T05:37:15.3613027Z + eslint-config-prettier@10.1.8
2026-10-03T05:37:15.3613455Z + eslint-plugin-react-hooks@5.2.0
2026-10-03T05:37:15.3613602Z + eslint-plugin-react-refresh@0.4.26
2026-10-03T05:37:15.3613741Z + globals@16.5.0
2026-10-03T05:37:15.3613853Z + playwright-core@1.62.1
2026-10-03T05:37:15.3613982Z + png-to-ico@3.0.2
2026-10-03T05:37:15.3614094Z + prettier@3.9.5
2026-10-03T05:37:15.3614200Z + typescript@5.9.3
2026-10-03T05:37:15.3614315Z + typescript-eslint@8.64.0
2026-10-03T05:37:15.3614434Z + vite@7.3.6
2026-10-03T05:37:15.3614533Z + wait-on@8.0.5
2026-10-03T05:37:15.3614647Z + @fontsource-variable/nunito@5.3.0
2026-10-03T05:37:15.3614787Z + electron-updater@6.8.9
2026-10-03T05:37:15.3614906Z + lucide-react@1.24.0
2026-10-03T05:37:15.3615016Z + react@19.2.7
2026-10-03T05:37:15.3615118Z + react-dom@19.2.7
2026-10-03T05:37:15.3615220Z + sharp@0.35.3
2026-10-03T05:37:15.3615282Z 
2026-10-03T05:37:15.3615341Z 465 packages installed [1.61s]
2026-10-03T05:37:15.3678621Z ##[group]Run bun run dist:linux
2026-10-03T05:37:15.3678790Z [36;1mbun run dist:linux[0m
2026-10-03T05:37:15.3731732Z shell: /usr/bin/bash -e {0}
2026-10-03T05:37:15.3731862Z env:
2026-10-03T05:37:15.3731971Z   CSC_IDENTITY_AUTO_DISCOVERY: false
2026-10-03T05:37:15.3732141Z   ELECTRON_CACHE: /home/runner/work/_temp/electron-cache
2026-10-03T05:37:15.3732359Z   ELECTRON_BUILDER_CACHE: /home/runner/work/_temp/electron-builder-cache
2026-10-03T05:37:15.3732549Z ##[endgroup]
2026-10-03T05:37:15.3806357Z $ node scripts/package-app.mjs dist linux
2026-10-03T05:37:15.4080894Z $ bun run clean && tsc -b --force && vite build
2026-10-03T05:37:15.4102925Z $ node scripts/clean.mjs
2026-10-03T05:37:18.7596700Z [36mvite v7.3.6 [32mbuilding client environment for production...[36m[39m
2026-10-03T05:37:18.7947789Z transforming...
2026-10-03T05:37:19.8075203Z [32m✓[39m 1842 modules transformed.
2026-10-03T05:37:19.9125607Z rendering chunks...
2026-10-03T05:37:19.9171321Z computing gzip size...
2026-10-03T05:37:20.0009475Z [2mbuild/renderer/[22m[32mindex.html                                             [39m[1m[2m  0.71 kB[22m[1m[22m[2m │ gzip:  0.40 kB[22m
2026-10-03T05:37:20.0010310Z [2mbuild/renderer/[22m[2massets/[22m[32mnunito-vietnamese-wght-normal-U01xdrZh.woff2    [39m[1m[2m 13.10 kB[22m[1m[22m
2026-10-03T05:37:20.0011103Z [2mbuild/renderer/[22m[2massets/[22m[32mnunito-cyrillic-wght-normal-CY6AOgYE.woff2      [39m[1m[2m 20.78 kB[22m[1m[22m
2026-10-03T05:37:20.0011875Z [2mbuild/renderer/[22m[2massets/[22m[32mnunito-cyrillic-ext-wght-normal-D4X5GqEv.woff2  [39m[1m[2m 28.93 kB[22m[1m[22m
2026-10-03T05:37:20.0012651Z [2mbuild/renderer/[22m[2massets/[22m[32mnunito-latin-ext-wght-normal-CXYtwYOx.woff2     [39m[1m[2m 35.59 kB[22m[1m[22m
2026-10-03T05:37:20.0013379Z [2mbuild/renderer/[22m[2massets/[22m[32mnunito-latin-wght-normal-BzFMHfZw.woff2         [39m[1m[2m 39.13 kB[22m[1m[22m
2026-10-03T05:37:20.0014110Z [2mbuild/renderer/[22m[2massets/[22m[35mindex-C9Kux_fQ.css                              [39m[1m[2m 52.69 kB[22m[1m[22m[2m │ gzip: 10.24 kB[22m
2026-10-03T05:37:20.0014839Z [2mbuild/renderer/[22m[2massets/[22m[36mindex-DlLsmAzp.js                               [39m[1m[2m294.72 kB[22m[1m[22m[2m │ gzip: 90.43 kB[22m
2026-10-03T05:37:20.0015317Z [32m✓ built in 1.23s[39m
2026-10-03T05:37:20.2598676Z   • electron-builder  version=26.15.3 os=6.17.0-1022-azure
2026-10-03T05:37:20.2645183Z   • loaded configuration  file=/home/runner/work/Deduup/Deduup/electron-builder.yml
2026-10-03T05:37:20.5841977Z   • executing @electron/rebuild  electronVersion=43.1.1 arch=x64 buildFromSource=false workspaceRoot=/home/runner/work/Deduup/Deduup projectDir=./ appDir=./
2026-10-03T05:37:20.5843856Z   • installing native dependencies  arch=x64
2026-10-03T05:37:20.6745343Z   • completed installing native dependencies
2026-10-03T05:37:20.6781134Z   • packaging       platform=linux arch=x64 electron=43.1.1 appOutDir=release/linux-unpacked
2026-10-03T05:37:20.8891085Z   • downloaded      label=electron progress=100%
2026-10-03T05:37:22.6257240Z   • downloaded electron zip extracted successfully  output=/home/runner/work/Deduup/Deduup/release/linux-unpacked
2026-10-03T05:37:22.6338493Z   • searching for node modules  pm=bun searchDir=/home/runner/work/Deduup/Deduup
2026-10-03T05:37:22.6341152Z   • note: bun does not support any CLI for dependency tree extraction, utilizing file traversal collector instead
2026-10-03T05:37:22.6341647Z   • using manual traversal of node_modules to build dependency tree
2026-10-03T05:37:22.6750765Z   • missing optional dependencies  dependencies=["@img/sharp-darwin-arm64@0.35.3","@img/sharp-darwin-x64@0.35.3","@img/sharp-freebsd-wasm32@0.35.3","@img/sharp-libvips-darwin-arm64@1.3.2","@img/sharp-libvips-darwin-x64@1.3.2","@img/sharp-libvips-linux-arm@1.3.2","@img/sharp-libvips-linux-arm64@1.3.2","@img/sharp-libvips-linux-ppc64@1.3.2","@img/sharp-libvips-linux-riscv64@1.3.2","@img/sharp-libvips-linux-s390x@1.3.2","@img/sharp-libvips-linuxmusl-arm64@1.3.2","@img/sharp-linux-arm@0.35.3","@img/sharp-linux-arm64@0.35.3","@img/sharp-linux-ppc64@0.35.3","@img/sharp-linux-riscv64@0.35.3","@img/sharp-linux-s390x@0.35.3","@img/sharp-linuxmusl-arm64@0.35.3","@img/sharp-webcontainers-wasm32@0.35.3","@img/sharp-win32-arm64@0.35.3","@img/sharp-win32-ia32@0.35.3","@img/sharp-win32-x64@0.35.3"]
2026-10-03T05:37:25.7938790Z   • building        target=AppImage arch=x64 file=release/Deduup-0.1.3-linux-x86_64.AppImage
2026-10-03T05:37:25.7943016Z   • electron uses desktopName as app_id / WM_CLASS for window association. Without it desktop environments may not link running windows to this .desktop entry. Set desktopName in package.json and linux.syncDesktopName: true to fix.  reason=desktopName is not set in package.json docs=https://www.electron.build/linux#window-association-desktopname--syncdesktopname
2026-10-03T05:37:25.9555064Z   • downloaded      label=appimage-12.0.1.7z progress=100%
2026-10-03T05:37:26.0442196Z   • downloaded      label=7zip-linux-x64.tar.gz progress=100%
2026-10-03T05:37:35.1109727Z   • building embedded block map  file=release/Deduup-0.1.3-linux-x86_64.AppImage
2026-10-03T05:37:38.7775845Z ##[group]Run actions/upload-artifact@v7
2026-10-03T05:37:38.7776007Z with:
2026-10-03T05:37:38.7776120Z   name: dist-linux-x64
2026-10-03T05:37:38.7776384Z   path: release/Deduup-*.exe
release/Deduup-*.dmg
release/Deduup-*.AppImage
release/latest*.yml
!release/latest-mac.yml

2026-10-03T05:37:38.7776673Z   if-no-files-found: error
2026-10-03T05:37:38.7776800Z   overwrite: true
2026-10-03T05:37:38.7776915Z   compression-level: 6
2026-10-03T05:37:38.7777041Z   include-hidden-files: false
2026-10-03T05:37:38.7777177Z   archive: true
2026-10-03T05:37:38.7777303Z ##[endgroup]
2026-10-03T05:37:38.8687329Z With the provided path, there will be 2 files uploaded
2026-10-03T05:37:39.0175884Z Artifact name is valid!
2026-10-03T05:37:39.0176481Z Root directory input is valid!
2026-10-03T05:37:39.2838433Z Uploading artifact: dist-linux-x64.zip
2026-10-03T05:37:39.2860857Z Beginning upload of artifact content to blob storage
2026-10-03T05:37:39.9643418Z Uploaded bytes 8388608
2026-10-03T05:37:40.1419435Z Uploaded bytes 16777216
2026-10-03T05:37:40.2006610Z Uploaded bytes 25165824
2026-10-03T05:37:40.3448527Z Uploaded bytes 33554432
2026-10-03T05:37:40.3859392Z Uploaded bytes 41943040
2026-10-03T05:37:40.5255787Z Uploaded bytes 50331648
2026-10-03T05:37:40.6678298Z Uploaded bytes 58720256
2026-10-03T05:37:40.8183310Z Uploaded bytes 67108864
2026-10-03T05:37:40.9900202Z Uploaded bytes 75497472
2026-10-03T05:37:41.1738569Z Uploaded bytes 83886080
2026-10-03T05:37:41.3881922Z Uploaded bytes 92274688
2026-10-03T05:37:41.6041581Z Uploaded bytes 100663296
2026-10-03T05:37:41.6777739Z Uploaded bytes 109051904
2026-10-03T05:37:41.9441852Z Uploaded bytes 117440512
2026-10-03T05:37:42.0086071Z Uploaded bytes 125829120
2026-10-03T05:37:42.1682607Z Uploaded bytes 134217728
2026-10-03T05:37:42.3194495Z Uploaded bytes 142606336
2026-10-03T05:37:42.4633688Z Uploaded bytes 147283783
2026-10-03T05:37:42.4984977Z Finished uploading artifact content to blob storage!
2026-10-03T05:37:42.4987373Z SHA256 digest of uploaded artifact is 32d0480bd15cf196ac72329808e9cd113de199f2f20e6db5215305185f5e921f
2026-10-03T05:37:42.4988937Z Finalizing artifact upload
2026-10-03T05:37:42.7948059Z Artifact dist-linux-x64 successfully finalized. Artifact ID 11265224711
2026-10-03T05:37:42.7948697Z Artifact dist-linux-x64 has been successfully uploaded! Final size is 147283783 bytes. Artifact ID is 11265224711
2026-10-03T05:37:42.7949819Z Artifact download URL: https://github.com/NoomStuff/Deduup/actions/runs/37100390456/artifacts/11265224711
2026-10-03T05:37:42.8073444Z ##[group]Run xvfb-run -a node scripts/verify-package.mjs
2026-10-03T05:37:42.8073844Z [36;1mxvfb-run -a node scripts/verify-package.mjs[0m
2026-10-03T05:37:42.8144388Z shell: /usr/bin/bash -e {0}
2026-10-03T05:37:42.8144633Z ##[endgroup]
2026-10-03T05:37:43.8270994Z /home/runner/work/Deduup/Deduup/.cache/verify-package/fixtures
2026-10-03T05:37:55.8411846Z file:///home/runner/work/Deduup/Deduup/scripts/verify-package.mjs:107
2026-10-03T05:37:55.8412590Z             throw new Error(`The packaged app exited early (code ${child.exitCode}, signal ${child.signalCode}).\n${output}`);
2026-10-03T05:37:55.8412998Z                   ^
2026-10-03T05:37:55.8413106Z 
2026-10-03T05:37:55.8413232Z Error: The packaged app exited early (code null, signal SIGTRAP).
2026-10-03T05:37:55.8414098Z [2302:1003/053743.895839:FATAL:sandbox/linux/suid/client/setuid_sandbox_host.cc:166] The SUID sandbox helper binary was found, but is not configured correctly. Rather than run without sandboxing I'm aborting now. You need to make sure that /home/runner/work/Deduup/Deduup/release/linux-unpacked/chrome-sandbox is owned by root and has mode 4755.
2026-10-03T05:37:55.8414768Z 
2026-10-03T05:37:55.8414895Z     at file:///home/runner/work/Deduup/Deduup/scripts/verify-package.mjs:107:19
2026-10-03T05:37:55.8415213Z     at async launchAndScan (file:///home/runner/work/Deduup/Deduup/scripts/verify-package.mjs:109:7)
2026-10-03T05:37:55.8415531Z     at async file:///home/runner/work/Deduup/Deduup/scripts/verify-package.mjs:125:1
2026-10-03T05:37:55.8415705Z 
2026-10-03T05:37:55.8415754Z Node.js v22.23.3
2026-10-03T05:37:55.8482520Z ##[error]Process completed with exit code 1.
2026-10-03T05:37:55.8527070Z ##[group]Run actions/upload-artifact@v7
2026-10-03T05:37:55.8527232Z with:
2026-10-03T05:37:55.8527357Z   name: diagnostics-linux-x64
2026-10-03T05:37:55.8527741Z   path: release/builder-debug.yml
release/builder-effective-config.yaml

2026-10-03T05:37:55.8527993Z   if-no-files-found: ignore
2026-10-03T05:37:55.8528126Z   retention-days: 14
2026-10-03T05:37:55.8528249Z   overwrite: true
2026-10-03T05:37:55.8528368Z   compression-level: 6
2026-10-03T05:37:55.8528498Z   include-hidden-files: false
2026-10-03T05:37:55.8528630Z   archive: true
2026-10-03T05:37:55.8528743Z ##[endgroup]
2026-10-03T05:37:55.9439859Z Multiple search paths detected. Calculating the least common ancestor of all paths
2026-10-03T05:37:55.9440817Z The least common ancestor is /home/runner/work/Deduup/Deduup/release. This will be the root directory of the artifact
2026-10-03T05:37:55.9441439Z With the provided path, there will be 1 file uploaded
2026-10-03T05:37:56.1092467Z Artifact name is valid!
2026-10-03T05:37:56.1093052Z Root directory input is valid!
2026-10-03T05:37:56.3669954Z Uploading artifact: diagnostics-linux-x64.zip
2026-10-03T05:37:56.3696471Z Beginning upload of artifact content to blob storage
2026-10-03T05:37:56.5129796Z Uploaded bytes 592
2026-10-03T05:37:56.5474335Z Finished uploading artifact content to blob storage!
2026-10-03T05:37:56.5474973Z SHA256 digest of uploaded artifact is a2141418219588cf331350fc93e68c195bba18d0ab29e8c2333c522ed17dbb8d
2026-10-03T05:37:56.5475472Z Finalizing artifact upload
2026-10-03T05:37:56.8688227Z Artifact diagnostics-linux-x64 successfully finalized. Artifact ID 11265569467
2026-10-03T05:37:56.8688623Z Artifact diagnostics-linux-x64 has been successfully uploaded! Final size is 592 bytes. Artifact ID is 11265569467
2026-10-03T05:37:56.8689291Z Artifact download URL: https://github.com/NoomStuff/Deduup/actions/runs/37100390456/artifacts/11265569467
2026-10-03T05:37:56.8820174Z Post job cleanup.
2026-10-03T05:37:56.9368701Z [command]/usr/bin/git version
2026-10-03T05:37:56.9399867Z git version 2.55.0
2026-10-03T05:37:56.9425510Z Temporarily overriding HOME='/home/runner/work/_temp/4083455a-8f1c-4449-9d36-3fc9ac11a375' before making global git config changes
2026-10-03T05:37:56.9426373Z Adding repository directory to the temporary git global config as a safe directory
2026-10-03T05:37:56.9428672Z [command]/usr/bin/git config --global --add safe.directory /home/runner/work/Deduup/Deduup
2026-10-03T05:37:56.9453262Z Removing SSH command configuration
2026-10-03T05:37:56.9457120Z [command]/usr/bin/git config --local --name-only --get-regexp core\.sshCommand
2026-10-03T05:37:56.9483278Z [command]/usr/bin/git submodule foreach --recursive sh -c "git config --local --name-only --get-regexp 'core\.sshCommand' && git config --local --unset-all 'core.sshCommand' || :"
2026-10-03T05:37:56.9670360Z Removing HTTP extra header
2026-10-03T05:37:56.9679341Z [command]/usr/bin/git config --local --name-only --get-regexp http\.https\:\/\/github\.com\/\.extraheader
2026-10-03T05:37:56.9708866Z [command]/usr/bin/git submodule foreach --recursive sh -c "git config --local --name-only --get-regexp 'http\.https\:\/\/github\.com\/\.extraheader' && git config --local --unset-all 'http.https://github.com/.extraheader' || :"
2026-10-03T05:37:56.9903466Z Removing includeIf entries pointing to credentials config files
2026-10-03T05:37:56.9908341Z [command]/usr/bin/git config --local --name-only --get-regexp ^includeIf\.gitdir:
2026-10-03T05:37:56.9936620Z includeif.gitdir:/home/runner/work/Deduup/Deduup/.git.path
2026-10-03T05:37:56.9937001Z includeif.gitdir:/home/runner/work/Deduup/Deduup/.git/worktrees/*.path
2026-10-03T05:37:56.9937414Z includeif.gitdir:/github/workspace/.git.path
2026-10-03T05:37:56.9937912Z includeif.gitdir:/github/workspace/.git/worktrees/*.path
2026-10-03T05:37:56.9943684Z [command]/usr/bin/git config --local --get-all includeif.gitdir:/home/runner/work/Deduup/Deduup/.git.path
2026-10-03T05:37:56.9964877Z /home/runner/work/_temp/git-credentials-3e7fd12b-ab58-4567-8979-3601382d9a78.config
2026-10-03T05:37:56.9972291Z [command]/usr/bin/git config --local --unset includeif.gitdir:/home/runner/work/Deduup/Deduup/.git.path \/home\/runner\/work\/_temp\/git\-credentials\-3e7fd12b\-ab58\-4567\-8979\-3601382d9a78\.config
2026-10-03T05:37:57.0003202Z [command]/usr/bin/git config --local --get-all includeif.gitdir:/home/runner/work/Deduup/Deduup/.git/worktrees/*.path
2026-10-03T05:37:57.0024916Z /home/runner/work/_temp/git-credentials-3e7fd12b-ab58-4567-8979-3601382d9a78.config
2026-10-03T05:37:57.0030659Z [command]/usr/bin/git config --local --unset includeif.gitdir:/home/runner/work/Deduup/Deduup/.git/worktrees/*.path \/home\/runner\/work\/_temp\/git\-credentials\-3e7fd12b\-ab58\-4567\-8979\-3601382d9a78\.config
2026-10-03T05:37:57.0060016Z [command]/usr/bin/git config --local --get-all includeif.gitdir:/github/workspace/.git.path
2026-10-03T05:37:57.0080932Z /github/runner_temp/git-credentials-3e7fd12b-ab58-4567-8979-3601382d9a78.config
2026-10-03T05:37:57.0085366Z [command]/usr/bin/git config --local --unset includeif.gitdir:/github/workspace/.git.path \/github\/runner_temp\/git\-credentials\-3e7fd12b\-ab58\-4567\-8979\-3601382d9a78\.config
2026-10-03T05:37:57.0115206Z [command]/usr/bin/git config --local --get-all includeif.gitdir:/github/workspace/.git/worktrees/*.path
2026-10-03T05:37:57.0136259Z /github/runner_temp/git-credentials-3e7fd12b-ab58-4567-8979-3601382d9a78.config
2026-10-03T05:37:57.0141182Z [command]/usr/bin/git config --local --unset includeif.gitdir:/github/workspace/.git/worktrees/*.path \/github\/runner_temp\/git\-credentials\-3e7fd12b\-ab58\-4567\-8979\-3601382d9a78\.config
2026-10-03T05:37:57.0171223Z [command]/usr/bin/git submodule foreach --recursive git config --local --show-origin --name-only --get-regexp remote.origin.url
2026-10-03T05:37:57.0341884Z Removing credentials config '/home/runner/work/_temp/git-credentials-3e7fd12b-ab58-4567-8979-3601382d9a78.config'
2026-10-03T05:37:57.0455095Z Cleaning up orphan processes
