2026-10-03T05:37:08.2146120Z Current runner version: '2.337.0'
2026-10-03T05:37:08.2175335Z ##[group]Runner Image Provisioner
2026-10-03T05:37:08.2176104Z Hosted Compute Agent
2026-10-03T05:37:08.2176661Z Version: 20260901.588
2026-10-03T05:37:08.2177245Z Commit: f88ec8081b781fac6c440065ac7ff9e710ce3d0b
2026-10-03T05:37:08.2177927Z Build Date: 2026-09-01T19:56:44Z
2026-10-03T05:37:08.2178578Z Worker ID: {87fe1af5-3ca5-497d-b8f7-de235c35c39f}
2026-10-03T05:37:08.2179236Z Azure Region: eastus2
2026-10-03T05:37:08.2179735Z ##[endgroup]
2026-10-03T05:37:08.2181136Z ##[group]Operating System
2026-10-03T05:37:08.2181736Z Microsoft Windows Server 2025
2026-10-03T05:37:08.2182328Z 10.0.26100
2026-10-03T05:37:08.2182841Z Datacenter
2026-10-03T05:37:08.2183737Z ##[endgroup]
2026-10-03T05:37:08.2184311Z ##[group]Runner Image
2026-10-03T05:37:08.2184861Z Image: windows-2025-vs2026
2026-10-03T05:37:08.2185424Z Version: 20260925.250.1
2026-10-03T05:37:08.2186961Z Included Software: https://github.com/actions/runner-images/blob/win25-vs2026/20260925.250/images/windows/Windows2025-VS2026-Readme.md
2026-10-03T05:37:08.2188713Z Image Release: https://github.com/actions/runner-images/releases/tag/win25-vs2026%2F20260925.250
2026-10-03T05:37:08.2189755Z ##[endgroup]
2026-10-03T05:37:08.2190967Z ##[group]GITHUB_TOKEN Permissions
2026-10-03T05:37:08.2193136Z Contents: read
2026-10-03T05:37:08.2193762Z Metadata: read
2026-10-03T05:37:08.2194295Z ##[endgroup]
2026-10-03T05:37:08.2196398Z Secret source: Actions
2026-10-03T05:37:08.2197303Z Cache mode: write
2026-10-03T05:37:08.2198041Z Prepare workflow directory
2026-10-03T05:37:08.2563311Z Prepare all required actions
2026-10-03T05:37:08.2611453Z Getting action download info
2026-10-03T05:37:08.4697925Z Download action repository 'actions/checkout@v7' (SHA:3d3c42e5aac5ba805825da76410c181273ba90b1)
2026-10-03T05:37:08.5996899Z Download action repository 'oven-sh/setup-bun@v2' (SHA:0c5077e51419868618aeaa5fe8019c62421857d6)
2026-10-03T05:37:08.7465585Z Download action repository 'actions/cache@v6' (SHA:55cc8345863c7cc4c66a329aec7e433d2d1c52a9)
2026-10-03T05:37:08.8823020Z Download action repository 'actions/upload-artifact@v7' (SHA:043fb46d1a93c77aae656e7c1c64a875d1fc6a0a)
2026-10-03T05:37:09.1453251Z Uses: NoomStuff/Deduup/.github/workflows/verify.yml@refs/heads/main (f83084efd2cda6bfa89699d4677da1553441274a)
2026-10-03T05:37:09.1458020Z ##[group] Inputs
2026-10-03T05:37:09.1458929Z   tag_check: true
2026-10-03T05:37:09.1459422Z ##[endgroup]
2026-10-03T05:37:09.1459904Z Complete job name: Checks / Verify
2026-10-03T05:37:09.2948679Z ##[group]Run actions/checkout@v7
2026-10-03T05:37:09.2949754Z with:
2026-10-03T05:37:09.2950210Z   repository: NoomStuff/Deduup
2026-10-03T05:37:09.2954540Z   token: ***
2026-10-03T05:37:09.2954976Z   ssh-strict: true
2026-10-03T05:37:09.2955428Z   ssh-user: git
2026-10-03T05:37:09.2955869Z   persist-credentials: true
2026-10-03T05:37:09.2956365Z   clean: true
2026-10-03T05:37:09.2956814Z   sparse-checkout-cone-mode: true
2026-10-03T05:37:09.2957382Z   fetch-depth: 1
2026-10-03T05:37:09.2957816Z   fetch-tags: false
2026-10-03T05:37:09.2958261Z   show-progress: true
2026-10-03T05:37:09.2958708Z   lfs: false
2026-10-03T05:37:09.2959123Z   submodules: false
2026-10-03T05:37:09.2959579Z   set-safe-directory: true
2026-10-03T05:37:09.2960094Z   allow-unsafe-pr-checkout: false
2026-10-03T05:37:09.2960851Z ##[endgroup]
2026-10-03T05:37:09.4379423Z Syncing repository: NoomStuff/Deduup
2026-10-03T05:37:09.4381293Z ##[group]Getting Git version info
2026-10-03T05:37:09.4382058Z Working directory is 'D:\a\Deduup\Deduup'
2026-10-03T05:37:09.5376587Z [command]"C:\Program Files\Git\bin\git.exe" version
2026-10-03T05:37:09.8738725Z git version 2.55.0.windows.5
2026-10-03T05:37:09.8781693Z ##[endgroup]
2026-10-03T05:37:09.8797011Z Temporarily overriding HOME='D:\a\_temp\bf60bdbc-0a08-49ce-afe5-9f5515f73461' before making global git config changes
2026-10-03T05:37:09.8799267Z Adding repository directory to the temporary git global config as a safe directory
2026-10-03T05:37:09.8807727Z [command]"C:\Program Files\Git\bin\git.exe" config --global --add safe.directory D:\a\Deduup\Deduup
2026-10-03T05:37:09.9378302Z Deleting the contents of 'D:\a\Deduup\Deduup'
2026-10-03T05:37:09.9383651Z ##[group]Determining repository object format
2026-10-03T05:37:09.9386670Z ##[endgroup]
2026-10-03T05:37:09.9388801Z ##[group]Initializing the repository
2026-10-03T05:37:09.9395681Z [command]"C:\Program Files\Git\bin\git.exe" init D:\a\Deduup\Deduup
2026-10-03T05:37:10.0165439Z Initialized empty Git repository in D:/a/Deduup/Deduup/.git/
2026-10-03T05:37:10.0208728Z [command]"C:\Program Files\Git\bin\git.exe" remote add origin https://github.com/NoomStuff/Deduup
2026-10-03T05:37:10.0790250Z ##[endgroup]
2026-10-03T05:37:10.0792258Z ##[group]Disabling automatic garbage collection
2026-10-03T05:37:10.0799058Z [command]"C:\Program Files\Git\bin\git.exe" config --local gc.auto 0
2026-10-03T05:37:10.1108440Z ##[endgroup]
2026-10-03T05:37:10.1110295Z ##[group]Setting up auth
2026-10-03T05:37:10.1111598Z Removing SSH command configuration
2026-10-03T05:37:10.1123648Z [command]"C:\Program Files\Git\bin\git.exe" config --local --name-only --get-regexp core\.sshCommand
2026-10-03T05:37:10.1494159Z [command]"C:\Program Files\Git\bin\git.exe" submodule foreach --recursive "sh -c \"git config --local --name-only --get-regexp 'core\.sshCommand' && git config --local --unset-all 'core.sshCommand' || :\""
2026-10-03T05:37:11.4474611Z Removing HTTP extra header
2026-10-03T05:37:11.4483884Z [command]"C:\Program Files\Git\bin\git.exe" config --local --name-only --get-regexp http\.https\:\/\/github\.com\/\.extraheader
2026-10-03T05:37:11.4772698Z [command]"C:\Program Files\Git\bin\git.exe" submodule foreach --recursive "sh -c \"git config --local --name-only --get-regexp 'http\.https\:\/\/github\.com\/\.extraheader' && git config --local --unset-all 'http.https://github.com/.extraheader' || :\""
2026-10-03T05:37:11.9896502Z Removing includeIf entries pointing to credentials config files
2026-10-03T05:37:11.9911423Z [command]"C:\Program Files\Git\bin\git.exe" config --local --name-only --get-regexp ^includeIf\.gitdir:
2026-10-03T05:37:12.0220942Z [command]"C:\Program Files\Git\bin\git.exe" submodule foreach --recursive "git config --local --show-origin --name-only --get-regexp remote.origin.url"
2026-10-03T05:37:12.5110753Z [command]"C:\Program Files\Git\bin\git.exe" config --file D:\a\_temp\git-credentials-6d951ad6-d4b8-4a78-91f7-9aa47992097f.config http.https://github.com/.extraheader "AUTHORIZATION: basic ***"
2026-10-03T05:37:12.5413110Z [command]"C:\Program Files\Git\bin\git.exe" config --local includeIf.gitdir:D:/a/Deduup/Deduup/.git.path D:\a\_temp\git-credentials-6d951ad6-d4b8-4a78-91f7-9aa47992097f.config
2026-10-03T05:37:12.5714919Z [command]"C:\Program Files\Git\bin\git.exe" config --local includeIf.gitdir:D:/a/Deduup/Deduup/.git/worktrees/*.path D:\a\_temp\git-credentials-6d951ad6-d4b8-4a78-91f7-9aa47992097f.config
2026-10-03T05:37:12.6078858Z [command]"C:\Program Files\Git\bin\git.exe" config --local includeIf.gitdir:/github/workspace/.git.path /github/runner_temp/git-credentials-6d951ad6-d4b8-4a78-91f7-9aa47992097f.config
2026-10-03T05:37:12.6411490Z [command]"C:\Program Files\Git\bin\git.exe" config --local includeIf.gitdir:/github/workspace/.git/worktrees/*.path /github/runner_temp/git-credentials-6d951ad6-d4b8-4a78-91f7-9aa47992097f.config
2026-10-03T05:37:12.6714445Z ##[endgroup]
2026-10-03T05:37:12.6715073Z ##[group]Fetching the repository
2026-10-03T05:37:12.6726755Z [command]"C:\Program Files\Git\bin\git.exe" -c protocol.version=2 fetch --no-tags --prune --no-recurse-submodules --depth=1 origin +f83084efd2cda6bfa89699d4677da1553441274a:refs/remotes/origin/main
2026-10-03T05:37:13.5158313Z From https://github.com/NoomStuff/Deduup
2026-10-03T05:37:13.5159238Z  * [new ref]         f83084efd2cda6bfa89699d4677da1553441274a -> origin/main
2026-10-03T05:37:13.5210394Z [command]"C:\Program Files\Git\bin\git.exe" branch --list --remote origin/main
2026-10-03T05:37:13.5571547Z   origin/main
2026-10-03T05:37:13.5614540Z [command]"C:\Program Files\Git\bin\git.exe" rev-parse refs/remotes/origin/main
2026-10-03T05:37:13.5879928Z f83084efd2cda6bfa89699d4677da1553441274a
2026-10-03T05:37:13.5909588Z ##[endgroup]
2026-10-03T05:37:13.5909969Z ##[group]Determining the checkout info
2026-10-03T05:37:13.5910574Z ##[endgroup]
2026-10-03T05:37:13.5919101Z [command]"C:\Program Files\Git\bin\git.exe" sparse-checkout disable
2026-10-03T05:37:13.6343708Z [command]"C:\Program Files\Git\bin\git.exe" config --local --unset-all extensions.worktreeConfig
2026-10-03T05:37:13.6639542Z ##[group]Checking out the ref
2026-10-03T05:37:13.6648574Z [command]"C:\Program Files\Git\bin\git.exe" checkout --progress --force -B main refs/remotes/origin/main
2026-10-03T05:37:13.7536817Z Switched to a new branch 'main'
2026-10-03T05:37:13.7599803Z branch 'main' set up to track 'origin/main'.
2026-10-03T05:37:13.7642496Z ##[endgroup]
2026-10-03T05:37:13.8041947Z [command]"C:\Program Files\Git\bin\git.exe" log -1 --format=%H
2026-10-03T05:37:13.8315146Z f83084efd2cda6bfa89699d4677da1553441274a
2026-10-03T05:37:13.8841591Z ##[group]Run oven-sh/setup-bun@v2
2026-10-03T05:37:13.8841924Z with:
2026-10-03T05:37:13.8842112Z   bun-version: latest
2026-10-03T05:37:13.8842326Z   no-cache: false
2026-10-03T05:37:13.8845063Z   token: ***
2026-10-03T05:37:13.8845247Z ##[endgroup]
2026-10-03T05:37:14.4288635Z Downloading a new version of Bun: https://github.com/oven-sh/bun/releases/download/bun-v1.4.2/bun-windows-x64.zip
2026-10-03T05:37:14.9998243Z [command]"C:\Program Files\PowerShell\7\pwsh.exe" -NoLogo -NoProfile -NonInteractive -ExecutionPolicy Unrestricted -Command "$ErrorActionPreference = 'Stop' ; try { Add-Type -AssemblyName System.IO.Compression.ZipFile } catch { } ; try { [System.IO.Compression.ZipFile]::ExtractToDirectory('D:\a\_temp\c201b46d-a0fa-428b-be51-939bbd21f9b8.zip', 'D:\a\_temp\75d95f90-5f33-4464-83f2-134c869b18d9', $true) } catch { if (($_.Exception.GetType().FullName -eq 'System.Management.Automation.MethodException') -or ($_.Exception.GetType().FullName -eq 'System.Management.Automation.RuntimeException') ){ Expand-Archive -LiteralPath 'D:\a\_temp\c201b46d-a0fa-428b-be51-939bbd21f9b8.zip' -DestinationPath 'D:\a\_temp\75d95f90-5f33-4464-83f2-134c869b18d9' -Force } else { throw $_ } } ;"
2026-10-03T05:37:15.7006290Z [command]C:\Users\runneradmin\.bun\bin\bun.exe --revision
2026-10-03T05:37:16.1341939Z 1.4.2+744846f84
2026-10-03T05:37:16.2871653Z ##[group]Run actions/cache@v6
2026-10-03T05:37:16.2871980Z with:
2026-10-03T05:37:16.2872178Z   path: D:\a\_temp/electron-cache
2026-10-03T05:37:16.2872687Z   key: verify-electron-Windows-X64-c006a4d9f721e3d3b43b9435cfa2273bd932d4c2fd7aa6bbe2dd570cca685489
2026-10-03T05:37:16.2873245Z   restore-keys: verify-electron-Windows-X64-
2026-10-03T05:37:16.2873544Z   enableCrossOsArchive: false
2026-10-03T05:37:16.2873776Z   fail-on-cache-miss: false
2026-10-03T05:37:16.2873992Z   lookup-only: false
2026-10-03T05:37:16.2874179Z   save-always: false
2026-10-03T05:37:16.2874377Z ##[endgroup]
2026-10-03T05:37:16.6722362Z Cache not found for input keys: verify-electron-Windows-X64-c006a4d9f721e3d3b43b9435cfa2273bd932d4c2fd7aa6bbe2dd570cca685489, verify-electron-Windows-X64-
2026-10-03T05:37:16.7033311Z ##[group]Run bun install --frozen-lockfile
2026-10-03T05:37:16.7033711Z [36;1mbun install --frozen-lockfile[0m
2026-10-03T05:37:16.7451547Z shell: C:\Program Files\PowerShell\7\pwsh.EXE -command ". '{0}'"
2026-10-03T05:37:16.7452106Z env:
2026-10-03T05:37:16.7452413Z   ELECTRON_CACHE: D:\a\_temp/electron-cache
2026-10-03T05:37:16.7452812Z ##[endgroup]
2026-10-03T05:37:17.1036739Z bun install v1.4.2 (744846f84)
2026-10-03T05:37:17.1148501Z Resolving dependencies
2026-10-03T05:37:17.1154191Z Resolved, downloaded and extracted [1]
2026-10-03T05:37:39.4030393Z 
2026-10-03T05:37:39.4030758Z + @eslint/js@9.39.5
2026-10-03T05:37:39.4031028Z + @types/node@24.13.3
2026-10-03T05:37:39.4031247Z + @types/react@19.2.17
2026-10-03T05:37:39.4031778Z + @types/react-dom@19.2.3
2026-10-03T05:37:39.4032016Z + @vitejs/plugin-react@5.2.0
2026-10-03T05:37:39.4033284Z + concurrently@9.2.4
2026-10-03T05:37:39.4034255Z + electron@43.1.1
2026-10-03T05:37:39.4034803Z + electron-builder@26.15.3
2026-10-03T05:37:39.4035139Z + eslint@9.39.5
2026-10-03T05:37:39.4035426Z + eslint-config-prettier@10.1.8
2026-10-03T05:37:39.4035815Z + eslint-plugin-react-hooks@5.2.0
2026-10-03T05:37:39.4036221Z + eslint-plugin-react-refresh@0.4.26
2026-10-03T05:37:39.4036599Z + globals@16.5.0
2026-10-03T05:37:39.4036917Z + playwright-core@1.62.1
2026-10-03T05:37:39.4037249Z + png-to-ico@3.0.2
2026-10-03T05:37:39.4037529Z + prettier@3.9.5
2026-10-03T05:37:39.4037836Z + typescript@5.9.3
2026-10-03T05:37:39.4038140Z + typescript-eslint@8.64.0
2026-10-03T05:37:39.4038469Z + vite@7.3.6
2026-10-03T05:37:39.4039292Z + wait-on@8.0.5
2026-10-03T05:37:39.4039631Z + @fontsource-variable/nunito@5.3.0
2026-10-03T05:37:39.4040544Z + electron-updater@6.8.9
2026-10-03T05:37:39.4040941Z + lucide-react@1.24.0
2026-10-03T05:37:39.4041946Z + react@19.2.7
2026-10-03T05:37:39.4042152Z + react-dom@19.2.7
2026-10-03T05:37:39.4042349Z + sharp@0.35.3
2026-10-03T05:37:39.4042716Z 
2026-10-03T05:37:39.4042824Z 462 packages installed [22.30s]
2026-10-03T05:37:39.5203427Z ##[group]Run bun run verify
2026-10-03T05:37:39.5203755Z [36;1mbun run verify[0m
2026-10-03T05:37:39.5281279Z shell: C:\Program Files\PowerShell\7\pwsh.EXE -command ". '{0}'"
2026-10-03T05:37:39.5281617Z ##[endgroup]
2026-10-03T05:37:39.8245807Z $ bun run format:check && bun run lint && bun run test && bun run test:ui
2026-10-03T05:37:39.8344016Z $ prettier --check .
2026-10-03T05:37:40.6149558Z Checking formatting...
2026-10-03T05:37:43.9196753Z All matched files use Prettier code style!
2026-10-03T05:37:43.9681412Z $ eslint . --max-warnings 0
2026-10-03T05:37:58.3372629Z 
2026-10-03T05:37:58.3373139Z D:\a\Deduup\Deduup\scripts\verify-package.mjs
2026-10-03T05:37:58.3373686Z   60:23  error  'signal' is assigned a value but never used  no-unused-vars
2026-10-03T05:37:58.3374015Z 
2026-10-03T05:37:58.3374361Z ✖ 1 problem (1 error, 0 warnings)
2026-10-03T05:37:58.3374530Z 
2026-10-03T05:38:00.4016357Z error: script "lint" exited with code 1
2026-10-03T05:38:00.4050699Z error: script "verify" exited with code 1
2026-10-03T05:38:00.5101317Z ##[error]Process completed with exit code 1.
2026-10-03T05:38:00.5343951Z ##[group]Run actions/upload-artifact@v7
2026-10-03T05:38:00.5344291Z with:
2026-10-03T05:38:00.5344487Z   name: ui-smoke-verify-37100390456
2026-10-03T05:38:00.5344742Z   path: .cache/ui-smoke/
2026-10-03T05:38:00.5344971Z   if-no-files-found: ignore
2026-10-03T05:38:00.5345194Z   retention-days: 14
2026-10-03T05:38:00.5345397Z   compression-level: 6
2026-10-03T05:38:00.5345595Z   overwrite: false
2026-10-03T05:38:00.5345790Z   include-hidden-files: false
2026-10-03T05:38:00.5346007Z   archive: true
2026-10-03T05:38:00.5346187Z ##[endgroup]
2026-10-03T05:38:00.7066116Z No files were found with the provided path: .cache/ui-smoke/. No artifacts will be uploaded.
2026-10-03T05:38:00.7511702Z Post job cleanup.
2026-10-03T05:38:00.9485523Z [command]"C:\Program Files\Git\bin\git.exe" version
2026-10-03T05:38:00.9757907Z git version 2.55.0.windows.5
2026-10-03T05:38:00.9817493Z Temporarily overriding HOME='D:\a\_temp\48f111e3-79bc-4c0e-a036-1c90e6611f14' before making global git config changes
2026-10-03T05:38:00.9818559Z Adding repository directory to the temporary git global config as a safe directory
2026-10-03T05:38:00.9828353Z [command]"C:\Program Files\Git\bin\git.exe" config --global --add safe.directory D:\a\Deduup\Deduup
2026-10-03T05:38:01.0121180Z Removing SSH command configuration
2026-10-03T05:38:01.0136501Z [command]"C:\Program Files\Git\bin\git.exe" config --local --name-only --get-regexp core\.sshCommand
2026-10-03T05:38:01.0457069Z [command]"C:\Program Files\Git\bin\git.exe" submodule foreach --recursive "sh -c \"git config --local --name-only --get-regexp 'core\.sshCommand' && git config --local --unset-all 'core.sshCommand' || :\""
2026-10-03T05:38:01.5894436Z Removing HTTP extra header
2026-10-03T05:38:01.5904620Z [command]"C:\Program Files\Git\bin\git.exe" config --local --name-only --get-regexp http\.https\:\/\/github\.com\/\.extraheader
2026-10-03T05:38:01.6219716Z [command]"C:\Program Files\Git\bin\git.exe" submodule foreach --recursive "sh -c \"git config --local --name-only --get-regexp 'http\.https\:\/\/github\.com\/\.extraheader' && git config --local --unset-all 'http.https://github.com/.extraheader' || :\""
2026-10-03T05:38:02.1881088Z Removing includeIf entries pointing to credentials config files
2026-10-03T05:38:02.1892489Z [command]"C:\Program Files\Git\bin\git.exe" config --local --name-only --get-regexp ^includeIf\.gitdir:
2026-10-03T05:38:02.2151587Z includeif.gitdir:D:/a/Deduup/Deduup/.git.path
2026-10-03T05:38:02.2152272Z includeif.gitdir:D:/a/Deduup/Deduup/.git/worktrees/*.path
2026-10-03T05:38:02.2152903Z includeif.gitdir:/github/workspace/.git.path
2026-10-03T05:38:02.2153794Z includeif.gitdir:/github/workspace/.git/worktrees/*.path
2026-10-03T05:38:02.2192662Z [command]"C:\Program Files\Git\bin\git.exe" config --local --get-all includeif.gitdir:D:/a/Deduup/Deduup/.git.path
2026-10-03T05:38:02.2452975Z D:\a\_temp\git-credentials-6d951ad6-d4b8-4a78-91f7-9aa47992097f.config
2026-10-03T05:38:02.2492226Z [command]"C:\Program Files\Git\bin\git.exe" config --local --unset includeif.gitdir:D:/a/Deduup/Deduup/.git.path D\:\\a\\_temp\\git\-credentials\-6d951ad6\-d4b8\-4a78\-91f7\-9aa47992097f\.config
2026-10-03T05:38:02.2787675Z [command]"C:\Program Files\Git\bin\git.exe" config --local --get-all includeif.gitdir:D:/a/Deduup/Deduup/.git/worktrees/*.path
2026-10-03T05:38:02.3040035Z D:\a\_temp\git-credentials-6d951ad6-d4b8-4a78-91f7-9aa47992097f.config
2026-10-03T05:38:02.3078003Z [command]"C:\Program Files\Git\bin\git.exe" config --local --unset includeif.gitdir:D:/a/Deduup/Deduup/.git/worktrees/*.path D\:\\a\\_temp\\git\-credentials\-6d951ad6\-d4b8\-4a78\-91f7\-9aa47992097f\.config
2026-10-03T05:38:02.3367815Z [command]"C:\Program Files\Git\bin\git.exe" config --local --get-all includeif.gitdir:/github/workspace/.git.path
2026-10-03T05:38:02.3614212Z /github/runner_temp/git-credentials-6d951ad6-d4b8-4a78-91f7-9aa47992097f.config
2026-10-03T05:38:02.3655929Z [command]"C:\Program Files\Git\bin\git.exe" config --local --unset includeif.gitdir:/github/workspace/.git.path \/github\/runner_temp\/git\-credentials\-6d951ad6\-d4b8\-4a78\-91f7\-9aa47992097f\.config
2026-10-03T05:38:02.3977229Z [command]"C:\Program Files\Git\bin\git.exe" config --local --get-all includeif.gitdir:/github/workspace/.git/worktrees/*.path
2026-10-03T05:38:02.4235801Z /github/runner_temp/git-credentials-6d951ad6-d4b8-4a78-91f7-9aa47992097f.config
2026-10-03T05:38:02.4311769Z [command]"C:\Program Files\Git\bin\git.exe" config --local --unset includeif.gitdir:/github/workspace/.git/worktrees/*.path \/github\/runner_temp\/git\-credentials\-6d951ad6\-d4b8\-4a78\-91f7\-9aa47992097f\.config
2026-10-03T05:38:02.4616963Z [command]"C:\Program Files\Git\bin\git.exe" submodule foreach --recursive "git config --local --show-origin --name-only --get-regexp remote.origin.url"
2026-10-03T05:38:02.9813793Z Removing credentials config 'D:\a\_temp\git-credentials-6d951ad6-d4b8-4a78-91f7-9aa47992097f.config'
2026-10-03T05:38:03.0008173Z Cleaning up orphan processes
